node.exe : [33m[1mÔÜ
á[22m[39m The 
"middleware" file 
convention is 
deprecated. Please 
use "proxy" instead. 
Learn more: https://ne
xtjs.org/docs/messages
/middleware-to-proxy
At line:1 char:1
+ & "C:\Program Files\
nodejs/node.exe" 
"C:\Program 
Files\nodejs/node_mo 
...
+ ~~~~~~~~~~~~~~~~~~~~
~~~~~~~~~~~~~~~~~~~~~~
~~~~~~~~~~~~~~~~~~~~~~
~~~~~
    + CategoryInfo    
          : NotSpeci  
  fied: ([33m[1mÔ   
 Üá[2...leware-to    
-proxy:String) []    
, RemoteException
    + FullyQualifiedE 
   rrorId : NativeCo  
  mmandError
 

> Build error occurred
Error: Turbopack 
build failed with 2 
errors:
./src/app/(landing)/fo
rgot-password/page.tsx
:7:1
Export 
[32mChevronLeft[39m 
doesn't exist in 
target module
The export 
[32mChevronLeft[39m 
was not found in 
module [1m[31m[proje
ct]/node_modules/@phos
phor-icons/react/dist/
index.es.js 
[app-client] (ecmascri
pt)[39m[22m.
Did you mean to 
import 
[32mTagChevron[39m?
All exports of the 
module are statically 
known (It doesn't 
have dynamic 
exports). So it's 
known statically that 
the requested export 
doesn't exist.

Import traces:
  Client Component 
Browser:
    ./src/app/(landing
)/forgot-password/page
.tsx [Client 
Component Browser]
    ./src/app/(landing
)/forgot-password/page
.tsx [Server 
Component]

  Client Component 
SSR:
    ./src/app/(landing
)/forgot-password/page
.tsx [Client 
Component SSR]
    ./src/app/(landing
)/forgot-password/page
.tsx [Server 
Component]


./src/app/(landing)/fo
rgot-password/page.tsx
:7:1
Export 
[32mChevronLeft[39m 
doesn't exist in 
target module
The export 
[32mChevronLeft[39m 
was not found in 
module [1m[31m[proje
ct]/node_modules/@phos
phor-icons/react/dist/
index.es.js [app-ssr] 
(ecmascript)[39m[22m
.
Did you mean to 
import 
[32mTagChevron[39m?
All exports of the 
module are statically 
known (It doesn't 
have dynamic 
exports). So it's 
known statically that 
the requested export 
doesn't exist.

Import traces:
  Client Component 
Browser:
    ./src/app/(landing
)/forgot-password/page
.tsx [Client 
Component Browser]
    ./src/app/(landing
)/forgot-password/page
.tsx [Server 
Component]

  Client Component 
SSR:
    ./src/app/(landing
)/forgot-password/page
.tsx [Client 
Component SSR]
    ./src/app/(landing
)/forgot-password/page
.tsx [Server 
Component]


    at <unknown> (./sr
c/app/(landing)/forgot
-password/page.tsx:7:1
)
    at <unknown> (./sr
c/app/(landing)/forgot
-password/page.tsx:7:1
)
