
> chatly@0.1.0 build
> next build

▲ Next.js 16.2.6 (Turbopack)
- Environments: .env

⚠ The "middleware" file convention is deprecated. Please use "proxy" instead. Learn more: https://nextjs.org/docs/messages/middleware-to-proxy
  Creating an optimized production build ...
Turbopack build encountered 2 warnings:
[next]/internal/font/google/inter_c15e96cb.module.css
Error while requesting resource
There was an issue requesting https://fonts.googleapis.com/css2?family=Inter:wght@100..900&display=swap

Import trace:
  Server Component:
    [next]/internal/font/google/inter_c15e96cb.module.css
    [next]/internal/font/google/inter_c15e96cb.js
    ./src/app/layout.tsx


[next]/internal/font/google/outfit_9f4f9187.module.css
Error while requesting resource
There was an issue establishing a connection while requesting https://fonts.googleapis.com/css2?family=Outfit:wght@100..900&display=swap

Import trace:
  Server Component:
    [next]/internal/font/google/outfit_9f4f9187.module.css
    [next]/internal/font/google/outfit_9f4f9187.js
    ./src/app/layout.tsx



> Build error occurred
Error: Turbopack build failed with 2 errors:
[next]/internal/font/google/inter_c15e96cb.module.css
next/font: error:
Failed to fetch `Inter` from Google Fonts.

Import trace:
  Server Component:
    [next]/internal/font/google/inter_c15e96cb.module.css
    [next]/internal/font/google/inter_c15e96cb.js
    ./src/app/layout.tsx


[next]/internal/font/google/outfit_9f4f9187.module.css
next/font: error:
Failed to fetch `Outfit` from Google Fonts.

Import trace:
  Server Component:
    [next]/internal/font/google/outfit_9f4f9187.module.css
    [next]/internal/font/google/outfit_9f4f9187.js
    ./src/app/layout.tsx


    at ignore-listed frames
